// Jest Snapshot v1, https://goo.gl/fbAQLP

exports[`renders topbar unchanged 1`] = `
<tbody>
  <tr
    class="border-b border-blue-gray-200 transition duration-100 hover:bg-gray-100 hover:text-black"
  >
    <td
      class="py-1 px-2 w-1/3 flex-row"
    >
      <a
        class="underline"
        href="https://shadow.nd.rl.ac.uk/grafana/d/wMlwwaHMk/block-history?viewPanel=2&orgId=1&var-block=undefined&var-inst=INSTRUMENT"
        target="_blank"
      />
    </td>
    <td
      class="py-1 px-2 w-7/12"
    >
      <span
        id="undefined_VALUE_ROW"
      >
        <div
          class="flex justify-between"
        >
          <span
            class="text-red-600"
            id="undefined_VALUE"
          >
            123
             
            mm
          </span>
          <svg
            class="min-w-2 min-h-2 max-w-2 max-h-2 transition-all text-transparent"
            fill="currentColor"
            id="undefined_CIRCLE"
            viewBox="0 0 24 24"
            xmlns="http://www.w3.org/2000/svg"
          >
            <circle
              cx="12"
              cy="12"
              r="12"
            />
          </svg>
        </div>
      </span>
    </td>
    <td
      class="py-1 px-2  flex justify-between items-center"
    >
      <span
        id="undefined_VALUE_RC"
        title="Run control in-range?"
      />
      <span
        class="cursor-pointer font-bold"
        title="Show/Hide advanced statuses"
      >
        +
      </span>
    </td>
  </tr>
</tbody>
`;
