// Jest Snapshot v1, https://jestjs.io/docs/snapshot-testing

exports[`renders topbar unchanged 1`] = `
<div>
  <div
    class="w-full bg-white  shadow-lg text-black rounded-xl text-md"
    id="top_bar"
  >
    <div
      class="w-full flex justify-center items-center flex-col"
      id="instNameDiv"
    >
      <div
        class="p-2 rounded-t-lg w-full flex-col justify-center items-center text-center bg-[#F08080] text-black"
        id="runstateDiv"
      >
        <h2
          class="text-xl"
          id="instNameLabel"
        >
          INSTRUMENT
           is
           
          <span
            id="runStateSpan"
          >
            UNREACHABLE
          </span>
        </h2>
        <div
          class="flex flex-col md:flex-row text-center w-full"
          id="banner"
        >
          <div
            class="flex-row md:w-1/3"
          >
             
          </div>
          <div
            class="flex-row md:w-1/3"
          >
             
          </div>
          <div
            class="flex-row md:w-1/3"
          >
             
          </div>
        </div>
      </div>
      <h3
        class="text-black text-wrap max-w-full break-all py-2 font-semibold"
      >
        Config:
         
        <span
          id="configNameSpan"
        />
      </h3>
      <div
        class="bg-gray-50 border-2 border-gray-200 flex flex-col max-w-full w-full"
      >
        <table
          class="text-sm max-w-full table-fixed flex divide-x divide-gray-200 text-wrap w-full "
          id="dashboardTable"
        >
          <tbody
            class="w-1/3"
          >
            <tr
              class="not-last:border-b border-gray-300 text-black transition duration-100 hover:bg-gray-700 hover:text-white md:flex"
            >
              <td
                class="py-1 px-4 flex font-bold break-words"
              >
                Title
              </td>
              <td
                class="py-1 px-4 flex justify-between items-center break-all"
              >
                <span
                  class="font-light"
                >
                  Unknown
                </span>
              </td>
            </tr>
            <tr
              class="not-last:border-b border-gray-300 text-black transition duration-100 hover:bg-gray-700 hover:text-white md:flex"
            >
              <td
                class="py-1 px-4 flex font-bold break-words"
              >
                Users
              </td>
              <td
                class="py-1 px-4 flex justify-between items-center break-all"
              >
                <span
                  class="font-light"
                >
                  Unknown
                </span>
              </td>
            </tr>
          </tbody>
          <tbody
            class="w-1/3"
            id="1"
          >
            <tr
              class="not-last:border-b border-gray-300 text-black transition duration-100 hover:bg-gray-700 hover:text-white md:flex"
            >
              <td
                class="py-1 px-4 flex font-bold break-words"
              />
              <td
                class="py-1 px-4 flex justify-between items-center break-all"
              >
                <span
                  class="font-light"
                >
                  Unknown
                </span>
              </td>
            </tr>
            <tr
              class="not-last:border-b border-gray-300 text-black transition duration-100 hover:bg-gray-700 hover:text-white md:flex"
            >
              <td
                class="py-1 px-4 flex font-bold break-words"
              />
              <td
                class="py-1 px-4 flex justify-between items-center break-all"
              >
                <span
                  class="font-light"
                >
                  Unknown
                </span>
              </td>
            </tr>
            <tr
              class="not-last:border-b border-gray-300 text-black transition duration-100 hover:bg-gray-700 hover:text-white md:flex"
            >
              <td
                class="py-1 px-4 flex font-bold break-words"
              />
              <td
                class="py-1 px-4 flex justify-between items-center break-all"
              >
                <span
                  class="font-light"
                >
                  Unknown
                </span>
              </td>
            </tr>
          </tbody>
          <tbody
            class="w-1/3"
            id="2"
          >
            <tr
              class="not-last:border-b border-gray-300 text-black transition duration-100 hover:bg-gray-700 hover:text-white md:flex"
            >
              <td
                class="py-1 px-4 flex font-bold break-words"
              />
              <td
                class="py-1 px-4 flex justify-between items-center break-all"
              >
                <span
                  class="font-light"
                >
                  Unknown
                </span>
              </td>
            </tr>
            <tr
              class="not-last:border-b border-gray-300 text-black transition duration-100 hover:bg-gray-700 hover:text-white md:flex"
            >
              <td
                class="py-1 px-4 flex font-bold break-words"
              />
              <td
                class="py-1 px-4 flex justify-between items-center break-all"
              >
                <span
                  class="font-light"
                >
                  Unknown
                </span>
              </td>
            </tr>
            <tr
              class="not-last:border-b border-gray-300 text-black transition duration-100 hover:bg-gray-700 hover:text-white md:flex"
            >
              <td
                class="py-1 px-4 flex font-bold break-words"
              />
              <td
                class="py-1 px-4 flex justify-between items-center break-all"
              >
                <span
                  class="font-light"
                >
                  Unknown
                </span>
              </td>
            </tr>
          </tbody>
        </table>
      </div>
      <label
        class="p-2 w-full"
        id="runInfoLabel"
      >
        <input
          class="peer/showLabel absolute scale-0"
          type="checkbox"
        />
        <span
          class="block max-h-14 overflow-hidden rounded-lg bg-gray-600 hover:bg-gray-800 text-white px-4 py-0 mb-2 transition-all duration-300 peer-checked/showLabel:max-h-fit cursor-pointer items-center"
        >
          <h3
            class="flex h-14 cursor-pointer font-bold text-center items-center justify-center"
          >
            Show/hide all run information
          </h3>
          <div
            class="grid md:grid-cols-5 gap-2"
          >
            <div
              class="mb-2 shadow-xs rounded-md"
            >
              <p
                class="font-bold"
              >
                Config name
                :
              </p>
               
              <p
                class="break-all"
              />
            </div>
            <div
              class="mb-2 shadow-xs rounded-md"
            >
              <p
                class="font-bold"
              >
                Run state
                :
              </p>
               
              <p
                class="break-all"
              />
            </div>
            <div
              class="mb-2 shadow-xs rounded-md"
            >
              <p
                class="font-bold"
              >
                Run number
                :
              </p>
               
              <p
                class="break-all"
              />
            </div>
            <div
              class="mb-2 shadow-xs rounded-md"
            >
              <p
                class="font-bold"
              >
                Good frames
                :
              </p>
               
              <p
                class="break-all"
              />
            </div>
            <div
              class="mb-2 shadow-xs rounded-md"
            >
              <p
                class="font-bold"
              >
                Raw frames
                :
              </p>
               
              <p
                class="break-all"
              />
            </div>
            <div
              class="mb-2 shadow-xs rounded-md"
            >
              <p
                class="font-bold"
              >
                Count Rate
                :
              </p>
               
              <p
                class="break-all"
              />
            </div>
            <div
              class="mb-2 shadow-xs rounded-md"
            >
              <p
                class="font-bold"
              >
                RB Number
                :
              </p>
               
              <p
                class="break-all"
              />
            </div>
            <div
              class="mb-2 shadow-xs rounded-md"
            >
              <p
                class="font-bold"
              >
                Current(uamps)
                :
              </p>
               
              <p
                class="break-all"
              />
            </div>
            <div
              class="mb-2 shadow-xs rounded-md"
            >
              <p
                class="font-bold"
              >
                Total(uamps)
                :
              </p>
               
              <p
                class="break-all"
              />
            </div>
            <div
              class="mb-2 shadow-xs rounded-md"
            >
              <p
                class="font-bold"
              >
                Monitor counts
                :
              </p>
               
              <p
                class="break-all"
              />
            </div>
            <div
              class="mb-2 shadow-xs rounded-md"
            >
              <p
                class="font-bold"
              >
                Monitor Spectrum
                :
              </p>
               
              <p
                class="break-all"
              />
            </div>
            <div
              class="mb-2 shadow-xs rounded-md"
            >
              <p
                class="font-bold"
              >
                Monitor From
                :
              </p>
               
              <p
                class="break-all"
              />
            </div>
            <div
              class="mb-2 shadow-xs rounded-md"
            >
              <p
                class="font-bold"
              >
                Monitor To
                :
              </p>
               
              <p
                class="break-all"
              />
            </div>
            <div
              class="mb-2 shadow-xs rounded-md"
            >
              <p
                class="font-bold"
              >
                Shutter Status
                :
              </p>
               
              <p
                class="break-all"
              />
            </div>
            <div
              class="mb-2 shadow-xs rounded-md"
            >
              <p
                class="font-bold"
              >
                Number of Spectra
                :
              </p>
               
              <p
                class="break-all"
              />
            </div>
            <div
              class="mb-2 shadow-xs rounded-md"
            >
              <p
                class="font-bold"
              >
                Number of Time Channels
                :
              </p>
               
              <p
                class="break-all"
              />
            </div>
            <div
              class="mb-2 shadow-xs rounded-md"
            >
              <p
                class="font-bold"
              >
                DAE Simulation Mode
                :
              </p>
               
              <p
                class="break-all"
              />
            </div>
            <div
              class="mb-2 shadow-xs rounded-md"
            >
              <p
                class="font-bold"
              >
                Instrument Time
                :
              </p>
               
              <p
                class="break-all"
              />
            </div>
            <div
              class="mb-2 shadow-xs rounded-md"
            >
              <p
                class="font-bold"
              >
                Start time
                :
              </p>
               
              <p
                class="break-all"
              />
            </div>
            <div
              class="mb-2 shadow-xs rounded-md"
            >
              <p
                class="font-bold"
              >
                Run time
                :
              </p>
               
              <p
                class="break-all"
              />
            </div>
            <div
              class="mb-2 shadow-xs rounded-md"
            >
              <p
                class="font-bold"
              >
                Period
                :
              </p>
               
              <p
                class="break-all"
              />
            </div>
            <div
              class="mb-2 shadow-xs rounded-md"
            >
              <p
                class="font-bold"
              >
                Period Raw frames
                :
              </p>
               
              <p
                class="break-all"
              />
            </div>
            <div
              class="mb-2 shadow-xs rounded-md"
            >
              <p
                class="font-bold"
              >
                Num periods
                :
              </p>
               
              <p
                class="break-all"
              />
            </div>
            <div
              class="mb-2 shadow-xs rounded-md"
            >
              <p
                class="font-bold"
              >
                Period Run Time
                :
              </p>
               
              <p
                class="break-all"
              />
            </div>
            <div
              class="mb-2 shadow-xs rounded-md"
            >
              <p
                class="font-bold"
              >
                Period Sequence
                :
              </p>
               
              <p
                class="break-all"
              />
            </div>
            <div
              class="mb-2 shadow-xs rounded-md"
            >
              <p
                class="font-bold"
              >
                Period Good Frames
                :
              </p>
               
              <p
                class="break-all"
              />
            </div>
            <div
              class="mb-2 shadow-xs rounded-md"
            >
              <p
                class="font-bold"
              >
                DAE Memory Used
                :
              </p>
               
              <p
                class="break-all"
              />
            </div>
            <div
              class="mb-2 shadow-xs rounded-md"
            >
              <p
                class="font-bold"
              >
                Timing Source
                :
              </p>
               
              <p
                class="break-all"
              />
            </div>
            <div
              class="mb-2 shadow-xs rounded-md"
            >
              <p
                class="font-bold"
              >
                Total Counts
                :
              </p>
               
              <p
                class="break-all"
              />
            </div>
          </div>
        </span>
      </label>
    </div>
  </div>
</div>
`;
